// Jest Snapshot v1, https://goo.gl/fbAQLP

exports[`renders successfully 1`] = `
<div>
  <div
    className="flex flex-column mt3"
  >
    <input
      className="mb2"
      name="description"
      onChange={[Function]}
      placeholder="A description for the link"
      type="text"
      value=""
    />
    <input
      className="mb2"
      name="url"
      onChange={[Function]}
      placeholder="The URL for the link"
      type="text"
      value=""
    />
  </div>
  <button
    onClick={[Function]}
  >
    Submit
  </button>
</div>
`;
